// Jest Snapshot v1, https://goo.gl/fbAQLP

exports[`Display a CalculatorButtonu  1`] = `
<button
  className="calculator-button"
  onClick={[Function]}
  style={
    Object {
      "backgroundColor": "#aaa",
      "color": "black",
    }
  }
>
  Foo
</button>
`;
