// Jest Snapshot v1, https://goo.gl/fbAQLP

exports[`should render a Footer 1`] = `
<footer
  className="footer"
>
  Â© 2018
</footer>
`;
