// Jest Snapshot v1, https://goo.gl/fbAQLP

exports[`Should render Display with value 10 1`] = `
<div
  className="display"
>
  10
</div>
`;
